// Jest Snapshot v1, https://goo.gl/fbAQLP

exports[`RelatedItem card tests match snapshot 1`] = `""`;

exports[`popup Modal tests match snapshot 1`] = `""`;
